# 第3章-用户与权限管理

## 3.1 用户管理

### 3.1.1 登录MySQL服务器

* 启动MySQL服务后，可以通过mysql命令来登录MySQL服务器，命令如下：

```sql
mysql –h hostname|hostIP –P port –u username –p DatabaseName –e "SQL语句"
#举例
mysql -uroot -p -hlocalhost -P3306 mysql -e "select host,user from user"
```

* 下面详细介绍命令中的参数：
  * -h参数后面接主机名或者主机IP，hostname为主机，hostIP为主机IP。
  * -P参数后面接MySQL服务的端口，通过该参数连接到指定的端口。MySQL服务的默认端口是3306，不使用该参数时自动连接到3306端口，port为连接的端口号。
  * -u参数后面接用户名，username为用户名。
  * -p参数会提示输入密码。
  * DatabaseName参数指明登录到哪一个数据库中。如果没有该参数，就会直接登录到MySQL数据库中，然后可以使用USE命令来选择数据库。
  * -e参数后面可以直接加SQL语句。登录MySQL服务器以后即可执行这个SQL语句，然后退出MySQL服务器。

### 3.1.2 创建用户

* 语法格式

```sql
CREATE USER 用户名 [IDENTIFIED BY '密码'][,用户名 [IDENTIFIED BY '密码']];
#举例
CREATE USER zhang3 IDENTIFIED BY '123123'; # 默认host是 %
CREATE USER 'kangshifu'@'localhost' IDENTIFIED BY '123456';
```

* 用户名参数表示新建用户的账户，由用户（User） 和主机名（Host） 构成；
* “[ ]”表示可选，也就是说，可以指定用户登录时需要密码验证，也可以不指定密码验证，这样用户可以直接登录。不过，不指定密码的方式不安全，不推荐使用。如果指定密码值，这里需要使用IDENTIFIED BY指定明文密码值。
* CREATE USER语句可以同时创建多个用户。
* 创建的用户会在mysql数据库的user中多一条记录

### 3.1.3 修改用户

```sql
UPDATE mysql.user SET USER='li4' WHERE USER='wang5';
#修改后需要刷新权限，否则不生效
FLUSH PRIVILEGES;
```

### 3.1.4 删除用户

```sql
DROP USER user[,user]…;
#举例
DROP USER 'kangshifu';//删除的是host是%的用户，引号可以不加
DROP USER kangshifu@localhost;
#或
#：不推荐通过DELETE FROM USER u WHERE USER='username' 进行删除，系统会有残留信息保留
DELETE FROM mysql.user WHERE Host=’hostname’ AND User=’username’;
FLUSH PRIVILEGES;
```

### 3.1.5 设置当前用户密码

```sql
# 修改当前用户的密码：（MySQL5.7测试有效）,8.0中直接报错
SET PASSWORD = PASSWORD('123456');

#或则
ALTER USER USER() IDENTIFIED BY 'new_password';
SET PASSWORD='new_password';

##举例
ALTER USER zhangsan IDENTIFIED BY 'abc123';
ALTER USER USER() IDENTIFIED BY 'abc123';
```

### 3.1.6 修改其他用户密码

* 使用ALTER语句来修改普通用户的密码 可以使用ALTER USER语句来修改普通用户的密码。基本语法形式如下

```sql
ALTER USER user [IDENTIFIED BY '新密码']
[,user[IDENTIFIED BY '新密码']]…;
```

* 使用SET命令来修改普通用户的密码 使用root用户登录到MySQL服务器后，可以使用SET语句来修改普通用户的密码。SET语句的代码如下：

```
SET PASSWORD FOR 'username'@'hostname'='new_password';
```

* 使用UPDATE语句修改普通用户的密码（不推荐）

```sql
UPDATE MySQL.user SET authentication_string=PASSWORD("123456")
WHERE User = "username" AND Host = "hostname";
```

### 3.1.7 MySQL8密码管理

#### 3.1.7.1密码过期策略

* 在MySQL中，数据库管理员可以手动设置账号密码过期，也可以建立一个自动密码过期策略。
* 过期策略可以是全局的，也可以为每个账号设置单独的过期策略。

```sql
#需要有权限的账户才可以设置过期，自己用户一般没有权限设置。
ALTER USER user PASSWORD EXPIRE;
```

* 使用SQL语句更改该变量的值并持久化

```sql
SET PERSIST default_password_lifetime = 180; # 建立全局策略，设置密码每隔180天过期
```

* 配置文件my.cnf中进行维护

```sql
[mysqld]
default_password_lifetime=180 #建立全局策略，设置密码每隔180天过期
```

* 手动设置指定时间过期方式2：单独设置
* 每个账号既可延用全局密码过期策略，也可单独设置策略。在CREATE USER 和ALTER USER 语句上加入PASSWORD EXPIRE 选项可实现单独设置策略。下面是一些语句示例。

```sql
#设置kangshifu账号密码每90天过期：
CREATE USER 'kangshifu'@'localhost' PASSWORD EXPIRE INTERVAL 90 DAY;
ALTER USER 'kangshifu'@'localhost' PASSWORD EXPIRE INTERVAL 90 DAY;
#设置密码永不过期：
CREATE USER 'kangshifu'@'localhost' PASSWORD EXPIRE NEVER;
ALTER USER 'kangshifu'@'localhost' PASSWORD EXPIRE NEVER;
#延用全局密码过期策略：
CREATE USER 'kangshifu'@'localhost' PASSWORD EXPIRE DEFAULT;
ALTER USER 'kangshifu'@'localhost' PASSWORD EXPIRE DEFAULT;
```

#### 3.1.7.2 密码重用策略

* sql方式，全局

```sql
SET PERSIST password_history = 6; #设置不能选择最近使用过的6个密码
SET PERSIST password_reuse_interval = 365; #设置不能选择最近一年内的密码
```

* my.cnf配置文件，全局

```
[mysqld]
password_history=6
password_reuse_interval=365
```

* 手动设置，单独

```sql
#不能使用最近5个密码：
CREATE USER 'kangshifu'@'localhost' PASSWORD HISTORY 5;
ALTER USER 'kangshifu'@'localhost' PASSWORD HISTORY 5;
#不能使用最近365天内的密码：
CREATE USER 'kangshifu'@'localhost' PASSWORD REUSE INTERVAL 365 DAY;
ALTER USER 'kangshifu'@'localhost' PASSWORD REUSE INTERVAL 365 DAY;
#既不能使用最近5个密码，也不能使用365天内的密码
CREATE USER 'kangshifu'@'localhost'
PASSWORD HISTORY 5
PASSWORD REUSE INTERVAL 365 DAY;
ALTER USER 'kangshifu'@'localhost'
PASSWORD HISTORY 5
PASSWORD REUSE INTERVAL 365 DAY;
```

## 3.2权限管理

### 3.2.1 权限列表

```sql
#查看所有的权限
show privileges;
#mysql5.7
mysql> show privileges;
+-------------------------+---------------------------------------+-------------------------------------------------------+
| Privilege               | Context                               | Comment                                               |
+-------------------------+---------------------------------------+-------------------------------------------------------+
| Alter                   | Tables                                | To alter the table                                    |
| Alter routine           | Functions,Procedures                  | To alter or drop stored functions/procedures          |
| Create                  | Databases,Tables,Indexes              | To create new databases and tables                    |
| Create routine          | Databases                             | To use CREATE FUNCTION/PROCEDURE                      |
| Create temporary tables | Databases                             | To use CREATE TEMPORARY TABLE                         |
| Create view             | Tables                                | To create new views                                   |
| Create user             | Server Admin                          | To create new users                                   |
| Delete                  | Tables                                | To delete existing rows                               |
| Drop                    | Databases,Tables                      | To drop databases, tables, and views                  |
| Event                   | Server Admin                          | To create, alter, drop and execute events             |
| Execute                 | Functions,Procedures                  | To execute stored routines                            |
| File                    | File access on server                 | To read and write files on the server                 |
| Grant option            | Databases,Tables,Functions,Procedures | To give to other users those privileges you possess   |
| Index                   | Tables                                | To create or drop indexes                             |
| Insert                  | Tables                                | To insert data into tables                            |
| Lock tables             | Databases                             | To use LOCK TABLES (together with SELECT privilege)   |
| Process                 | Server Admin                          | To view the plain text of currently executing queries |
| Proxy                   | Server Admin                          | To make proxy user possible                           |
| References              | Databases,Tables                      | To have references on tables                          |
| Reload                  | Server Admin                          | To reload or refresh tables, logs and privileges      |
| Replication client      | Server Admin                          | To ask where the slave or master servers are          |
| Replication slave       | Server Admin                          | To read binary log events from the master             |
| Select                  | Tables                                | To retrieve rows from table                           |
| Show databases          | Server Admin                          | To see all databases with SHOW DATABASES              |
| Show view               | Tables                                | To see views with SHOW CREATE VIEW                    |
| Shutdown                | Server Admin                          | To shut down the server                               |
| Super                   | Server Admin                          | To use KILL thread, SET GLOBAL, CHANGE MASTER, etc.   |
| Trigger                 | Tables                                | To use triggers                                       |
| Create tablespace       | Server Admin                          | To create/alter/drop tablespaces                      |
| Update                  | Tables                                | To update existing rows                               |
| Usage                   | Server Admin                          | No privileges - allow connect only                    |
+-------------------------+---------------------------------------+-------------------------------------------------------+
31 rows in set (0.00 sec)

#mysql8.0
mysql> show privileges;
+----------------------------+---------------------------------------+-------------------------------------------------------+
| Privilege                  | Context                               | Comment                                               |
+----------------------------+---------------------------------------+-------------------------------------------------------+
| Alter                      | Tables                                | To alter the table                                    |
| Alter routine              | Functions,Procedures                  | To alter or drop stored functions/procedures          |
| Create                     | Databases,Tables,Indexes              | To create new databases and tables                    |
| Create routine             | Databases                             | To use CREATE FUNCTION/PROCEDURE                      |
| Create role                | Server Admin                          | To create new roles                                   |
| Create temporary tables    | Databases                             | To use CREATE TEMPORARY TABLE                         |
| Create view                | Tables                                | To create new views                                   |
| Create user                | Server Admin                          | To create new users                                   |
| Delete                     | Tables                                | To delete existing rows                               |
| Drop                       | Databases,Tables                      | To drop databases, tables, and views                  |
| Drop role                  | Server Admin                          | To drop roles                                         |
| Event                      | Server Admin                          | To create, alter, drop and execute events             |
| Execute                    | Functions,Procedures                  | To execute stored routines                            |
| File                       | File access on server                 | To read and write files on the server                 |
| Grant option               | Databases,Tables,Functions,Procedures | To give to other users those privileges you possess   |
| Index                      | Tables                                | To create or drop indexes                             |
| Insert                     | Tables                                | To insert data into tables                            |
| Lock tables                | Databases                             | To use LOCK TABLES (together with SELECT privilege)   |
| Process                    | Server Admin                          | To view the plain text of currently executing queries |
| Proxy                      | Server Admin                          | To make proxy user possible                           |
| References                 | Databases,Tables                      | To have references on tables                          |
| Reload                     | Server Admin                          | To reload or refresh tables, logs and privileges      |
| Replication client         | Server Admin                          | To ask where the slave or master servers are          |
| Replication slave          | Server Admin                          | To read binary log events from the master             |
| Select                     | Tables                                | To retrieve rows from table                           |
| Show databases             | Server Admin                          | To see all databases with SHOW DATABASES              |
| Show view                  | Tables                                | To see views with SHOW CREATE VIEW                    |
| Shutdown                   | Server Admin                          | To shut down the server                               |
| Super                      | Server Admin                          | To use KILL thread, SET GLOBAL, CHANGE MASTER, etc.   |
| Trigger                    | Tables                                | To use triggers                                       |
| Create tablespace          | Server Admin                          | To create/alter/drop tablespaces                      |
| Update                     | Tables                                | To update existing rows                               |
| Usage                      | Server Admin                          | No privileges - allow connect only                    |
| XA_RECOVER_ADMIN           | Server Admin                          |                                                       |
| SHOW_ROUTINE               | Server Admin                          |                                                       |
| SET_USER_ID                | Server Admin                          |                                                       |
| RESOURCE_GROUP_USER        | Server Admin                          |                                                       |
| APPLICATION_PASSWORD_ADMIN | Server Admin                          |                                                       |
| SYSTEM_VARIABLES_ADMIN     | Server Admin                          |                                                       |
| AUDIT_ADMIN                | Server Admin                          |                                                       |
| SERVICE_CONNECTION_ADMIN   | Server Admin                          |                                                       |
| CLONE_ADMIN                | Server Admin                          |                                                       |
| PERSIST_RO_VARIABLES_ADMIN | Server Admin                          |                                                       |
| FLUSH_USER_RESOURCES       | Server Admin                          |                                                       |
| BINLOG_ADMIN               | Server Admin                          |                                                       |
| ROLE_ADMIN                 | Server Admin                          |                                                       |
| SESSION_VARIABLES_ADMIN    | Server Admin                          |                                                       |
| BINLOG_ENCRYPTION_ADMIN    | Server Admin                          |                                                       |
| FLUSH_STATUS               | Server Admin                          |                                                       |
| SYSTEM_USER                | Server Admin                          |                                                       |
| ENCRYPTION_KEY_ADMIN       | Server Admin                          |                                                       |
| REPLICATION_SLAVE_ADMIN    | Server Admin                          |                                                       |
| GROUP_REPLICATION_ADMIN    | Server Admin                          |                                                       |
| BACKUP_ADMIN               | Server Admin                          |                                                       |
| RESOURCE_GROUP_ADMIN       | Server Admin                          |                                                       |
| FLUSH_OPTIMIZER_COSTS      | Server Admin                          |                                                       |
| TABLE_ENCRYPTION_ADMIN     | Server Admin                          |                                                       |
| FLUSH_TABLES               | Server Admin                          |                                                       |
| CONNECTION_ADMIN           | Server Admin                          |                                                       |
| INNODB_REDO_LOG_ENABLE     | Server Admin                          |                                                       |
| INNODB_REDO_LOG_ARCHIVE    | Server Admin                          |                                                       |
| REPLICATION_APPLIER        | Server Admin                          |                                                       |
+----------------------------+---------------------------------------+-------------------------------------------------------+
62 rows in set (0.00 sec)


```

（1） CREATE和DROP权限，可以创建新的数据库和表，或删除（移掉）已有的数据库和表。如果将MySQL数据库中的DROP权限授予某用户，用户就可以删除MySQL访问权限保存的数据库。 

（2）SELECT、INSERT、UPDATE和DELETE权限允许在一个数据库现有的表上实施操作。 

（3） SELECT权限只有在它们真正从一个表中检索行时才被用到。 

（4） INDEX权限允许创建或删除索引，INDEX适用于已有的表。如果具有某个表的CREATE权限，就可以在CREATE TABLE语句中包括索引定义。 

（5） ALTER权限可以使用ALTER TABLE来更改表的结构和重新命名表。 

（6） CREATE ROUTINE权限用来创建保存的程序（函数和程序），ALTER ROUTINE权限用来更改和删除保存的程序， EXECUTE权限用来执行保存的程序。 

（7） GRANT权限允许授权给其他用户，可用于数据库、表和保存的程序。 

（8） FILE权限使用户可以使用LOAD DATA INFILE和SELECT ... INTO OUTFILE语句读或写服务器上的文件，任何被授予FILE权限的用户都能读或写MySQL服务器上的任何文件（说明用户可以读任何数据库目录下的文件，因为服务器可以访问这些文件）。

MySQL的权限分布：

| 权限分布 | 可能的设置的权限                                             |
| -------- | ------------------------------------------------------------ |
| 表权限   | Select,Insert,Update,Delete,Create,Drop,Grant,Referrences,Index,Alter |
| 列权限   | Select,Insert,Update,Referrences                             |
| 过程权限 | Execute,Alter Routine,Grant                                  |

### 3.2.2 授予权限的原则

1、只授予能满足需要的最小权限，防止用户干坏事。比如用户只是需要查询，那就只给select权限就可以了，不要给用户赋予update、insert或者delete权限。

2、创建用户的时候限制用户的登录主机，一般是限制成指定IP或者内网IP段。

3、为每个用户设置满足密码复杂度的密码。

4、定期清理不需要的用户，回收权限或者删除用户。

### 3.2.3 授予权限

* 给用户授权的方式有 2 种，分别是通过把角色赋予用户给用户授权和直接给用户授权。
* 授权时叠加模式，不会是替换。
* 授权格式

```sql
GRANT 权限1,权限2,…权限n ON 数据库名称.表名称 TO 用户名@用户地址 [IDENTIFIED BY ‘密码口令’];

#举例
#给li4用户用本地命令行方式，授予testdb这个库下的所有表的插删改查的权限。
GRANT SELECT,INSERT,DELETE,UPDATE ON testdb.* TO li4@localhost ;
#授予通过网络方式登录的joe用户 ，对所有库所有表的全部权限，密码设为123。注意这里唯独不包括grant的权限(与root用户还是有区别,root有用有WITH GRANT OPTION 权限)
GRANT ALL PRIVILEGES ON *.* TO joe@'%' IDENTIFIED BY '123';
```

### 3.2.4 查看权限查

```sql
SHOW GRANTS;
# 或
SHOW GRANTS FOR CURRENT_USER;
# 或
SHOW GRANTS FOR CURRENT_USER();

#查看某用户的全局权限
SHOW GRANTS FOR 'user'@'主机地址' ;
```

### 3.2.5 收回权限

语法：

```sql
REVOKE 权限1,权限2,…权限n ON 数据库名称.表名称 FROM 用户名@用户地址;
#举例
#收回全库全表的所有权限
REVOKE ALL PRIVILEGES ON *.* FROM 'zhangsan'@'%';

```

## 3.3 权限表

### 3.3.1 user表

* user表是MySQL中最重要的一个权限表， 记录用户账号和权限信息，有40多个字段。

```
mysql> DESC mysql.user;
+------------------------+-----------------------------------+------+-----+-----------------------+-------+
| Field                  | Type                              | Null | Key | Default               | Extra |
+------------------------+-----------------------------------+------+-----+-----------------------+-------+
| Host                   | char(60)                          | NO   | PRI |                       |       |
| User                   | char(32)                          | NO   | PRI |                       |       |
| Select_priv            | enum('N','Y')                     | NO   |     | N                     |       |
| Insert_priv            | enum('N','Y')                     | NO   |     | N                     |       |
| Update_priv            | enum('N','Y')                     | NO   |     | N                     |       |
| Delete_priv            | enum('N','Y')                     | NO   |     | N                     |       |
| Create_priv            | enum('N','Y')                     | NO   |     | N                     |       |
| Drop_priv              | enum('N','Y')                     | NO   |     | N                     |       |
| Reload_priv            | enum('N','Y')                     | NO   |     | N                     |       |
| Shutdown_priv          | enum('N','Y')                     | NO   |     | N                     |       |
| Process_priv           | enum('N','Y')                     | NO   |     | N                     |       |
| File_priv              | enum('N','Y')                     | NO   |     | N                     |       |
| Grant_priv             | enum('N','Y')                     | NO   |     | N                     |       |
| References_priv        | enum('N','Y')                     | NO   |     | N                     |       |
| Index_priv             | enum('N','Y')                     | NO   |     | N                     |       |
| Alter_priv             | enum('N','Y')                     | NO   |     | N                     |       |
| Show_db_priv           | enum('N','Y')                     | NO   |     | N                     |       |
| Super_priv             | enum('N','Y')                     | NO   |     | N                     |       |
| Create_tmp_table_priv  | enum('N','Y')                     | NO   |     | N                     |       |
| Lock_tables_priv       | enum('N','Y')                     | NO   |     | N                     |       |
| Execute_priv           | enum('N','Y')                     | NO   |     | N                     |       |
| Repl_slave_priv        | enum('N','Y')                     | NO   |     | N                     |       |
| Repl_client_priv       | enum('N','Y')                     | NO   |     | N                     |       |
| Create_view_priv       | enum('N','Y')                     | NO   |     | N                     |       |
| Show_view_priv         | enum('N','Y')                     | NO   |     | N                     |       |
| Create_routine_priv    | enum('N','Y')                     | NO   |     | N                     |       |
| Alter_routine_priv     | enum('N','Y')                     | NO   |     | N                     |       |
| Create_user_priv       | enum('N','Y')                     | NO   |     | N                     |       |
| Event_priv             | enum('N','Y')                     | NO   |     | N                     |       |
| Trigger_priv           | enum('N','Y')                     | NO   |     | N                     |       |
| Create_tablespace_priv | enum('N','Y')                     | NO   |     | N                     |       |
| ssl_type               | enum('','ANY','X509','SPECIFIED') | NO   |     |                       |       |
| ssl_cipher             | blob                              | NO   |     | NULL                  |       |
| x509_issuer            | blob                              | NO   |     | NULL                  |       |
| x509_subject           | blob                              | NO   |     | NULL                  |       |
| max_questions          | int(11) unsigned                  | NO   |     | 0                     |       |
| max_updates            | int(11) unsigned                  | NO   |     | 0                     |       |
| max_connections        | int(11) unsigned                  | NO   |     | 0                     |       |
| max_user_connections   | int(11) unsigned                  | NO   |     | 0                     |       |
| plugin                 | char(64)                          | NO   |     | mysql_native_password |       |
| authentication_string  | text                              | YES  |     | NULL                  |       |
| password_expired       | enum('N','Y')                     | NO   |     | N                     |       |
| password_last_changed  | timestamp                         | YES  |     | NULL                  |       |
| password_lifetime      | smallint(5) unsigned              | YES  |     | NULL                  |       |
| account_locked         | enum('N','Y')                     | NO   |     | N                     |       |
+------------------------+-----------------------------------+------+-----+-----------------------+-------+
```

* 这些字段可以分成4类，分别是范围列（或用户列）、权限列、安全列和资源控制列。
  * 范围列（或用户列）
    * host表示连接类型
      * %：表示所有远程通过 TCP方式的连接
      * IP 地址：如 (192.168.1.2、127.0.0.1) 通过制定ip地址进行的TCP方式的连接
      * 机器名：通过制定网络中的机器名进行的TCP方式的连接
      * ::1：IPv6的本地ip地址，等同于IPv4的 127.0.0.1
      * localhost：本地方式通过命令行方式的连接 ，比如mysql -u xxx -p xxx 方式的连接。
    * user ： 表示用户名，同一用户通过不同方式链接的权限是不一样的。
    * password ： 密码
      * 所有密码串通过 password(明文字符串) 生成的密文字符串。MySQL 8.0 在用户管理方面增加了角色管理，默认的密码加密方式也做了调整，由之前的 SHA1 改为了 SHA2 ，不可逆 。同时加上 MySQL 5.7 的禁用用户和用户过期的功能，MySQL 在用户管理方面的功能和安全性都较之前版本大大的增强了。
      * mysql 5.7 及之后版本的密码保存到 authentication_string 字段中不再使用password 字段。
  * 权限列
    * Grant_priv字段：表示是否拥有GRANT权限
    * Shutdown_priv字段：表示是否拥有停止MySQL服务的权限
    * Super_priv字段：表示是否拥有超级权限
    * Execute_priv字段：表示是否拥有EXECUTE权限。拥有EXECUTE权限，可以执行存储过程和函数。
    * Select_priv , Insert_priv等：为该用户所拥有的权限。
  * 安全列
    * 安全列只有6个字段，其中两个是ssl相关的（ssl_type、ssl_cipher），用于加密；
    * 两个是x509相关的（x509_issuer、x509_subject），用于标识用户；
    * 另外两个Plugin字段用于验证用户身份的插件，该字段不能为空。如果该字段为空，服务器就使用内建授权验证机制验证用户身份。
  * 资源控制列：资源控制列的字段用来限制用户使用的资源，包含4个字段
    * max_questions，用户每小时允许执行的查询操作次数；
    * max_updates，用户每小时允许执行的更新操作次数；
    * max_connections，用户每小时允许执行的连接操作次数；
    * max_user_connections，用户允许同时建立的连接次数。

* 查看字段：

```sql
#查看字段
DESC mysql.user;

#查看用户, 以列的方式显示数据：
SELECT * FROM mysql.user \G;

#查看表结构
SHOW CREATE TABLE mysql.user;

#查询特点字段
SELECT host,user,authentication_string,select_priv,insert_priv,drop_priv
FROM mysql.user;
```

### 3.3.2 db表

* 记录账户拥有某个db的权限。

* 用户列 ：db表用户列有3个字段，分别是Host、User、Db。这3个字段分别表示主机名、用户名和数据库名。表示从某个主机连接某个用户对某个数据库的操作权限，这3个字段的组合构成了db表的主键。
* 权限列：Create_routine_priv和Alter_routine_priv这两个字段决定用户是否具有创建和修改存储过程的权限。

```sql

mysql> DESCRIBE mysql.db;
+-----------------------+---------------+------+-----+---------+-------+
| Field                 | Type          | Null | Key | Default | Extra |
+-----------------------+---------------+------+-----+---------+-------+
| Host                  | char(60)      | NO   | PRI |         |       |
| Db                    | char(64)      | NO   | PRI |         |       |
| User                  | char(32)      | NO   | PRI |         |       |
| Select_priv           | enum('N','Y') | NO   |     | N       |       |
| Insert_priv           | enum('N','Y') | NO   |     | N       |       |
| Update_priv           | enum('N','Y') | NO   |     | N       |       |
| Delete_priv           | enum('N','Y') | NO   |     | N       |       |
| Create_priv           | enum('N','Y') | NO   |     | N       |       |
| Drop_priv             | enum('N','Y') | NO   |     | N       |       |
| Grant_priv            | enum('N','Y') | NO   |     | N       |       |
| References_priv       | enum('N','Y') | NO   |     | N       |       |
| Index_priv            | enum('N','Y') | NO   |     | N       |       |
| Alter_priv            | enum('N','Y') | NO   |     | N       |       |
| Create_tmp_table_priv | enum('N','Y') | NO   |     | N       |       |
| Lock_tables_priv      | enum('N','Y') | NO   |     | N       |       |
| Create_view_priv      | enum('N','Y') | NO   |     | N       |       |
| Show_view_priv        | enum('N','Y') | NO   |     | N       |       |
| Create_routine_priv   | enum('N','Y') | NO   |     | N       |       |
| Alter_routine_priv    | enum('N','Y') | NO   |     | N       |       |
| Execute_priv          | enum('N','Y') | NO   |     | N       |       |
| Event_priv            | enum('N','Y') | NO   |     | N       |       |
| Trigger_priv          | enum('N','Y') | NO   |     | N       |       |
+-----------------------+---------------+------+-----+---------+-------+
```

### 3.3.3 tables_priv表和columns_priv表

tables_priv表用来对表设置操作权限，columns_priv表用来对表的某一列设置权限。tables_priv表和columns_priv表的结构分别如图：

```n
mysql> DESC mysql.tables_priv;
+-------------+-----------------------------------------------------------------------------------------------------------------------------------+------+-----+-------------------+-----------------------------+
| Field       | Type                                                                                                                              | Null | Key | Default           | Extra                       |
+-------------+-----------------------------------------------------------------------------------------------------------------------------------+------+-----+-------------------+-----------------------------+
| Host        | char(60)                                                                                                                          | NO   | PRI |                   |                             |
| Db          | char(64)                                                                                                                          | NO   | PRI |                   |                             |
| User        | char(32)                                                                                                                          | NO   | PRI |                   |                             |
| Table_name  | char(64)                                                                                                                          | NO   | PRI |                   |                             |
| Grantor     | char(93)                                                                                                                          | NO   | MUL |                   |                             |
| Timestamp   | timestamp                                                                                                                         | NO   |     | CURRENT_TIMESTAMP | on update CURRENT_TIMESTAMP |
| Table_priv  | set('Select','Insert','Update','Delete','Create','Drop','Grant','References','Index','Alter','Create View','Show view','Trigger') | NO   |     |                   |                             |
| Column_priv | set('Select','Insert','Update','References')                                                                                      | NO   |     |                   |                             |
+-------------+-----------------------------------------------------------------------------------------------------------------------------------+------+-----+-------------------+-----------------------------+


mysql> DESC mysql.columns_priv;
+-------------+----------------------------------------------+------+-----+-------------------+-----------------------------+
| Field       | Type                                         | Null | Key | Default           | Extra                       |
+-------------+----------------------------------------------+------+-----+-------------------+-----------------------------+
| Host        | char(60)                                     | NO   | PRI |                   |                             |
| Db          | char(64)                                     | NO   | PRI |                   |                             |
| User        | char(32)                                     | NO   | PRI |                   |                             |
| Table_name  | char(64)                                     | NO   | PRI |                   |                             |
| Column_name | char(64)                                     | NO   | PRI |                   |                             |
| Timestamp   | timestamp                                    | NO   |     | CURRENT_TIMESTAMP | on update CURRENT_TIMESTAMP |
| Column_priv | set('Select','Insert','Update','References') | NO   |     |                   |                             |
+-------------+----------------------------------------------+------+-----+-------------------+-----------------------------+

```

* tables_priv表有8个字段，分别是Host、Db、User、Table_name、Grantor、Timestamp、Table_priv和Column_priv，各个字段说明如下：
  * Host 、Db 、User 和Table_name 四个字段分别表示主机名、数据库名、用户名和表名。
  * Grantor表示修改该记录的用户。
  * Timestamp表示修改该记录的时间。
  * Table_priv 表示对象的操作权限。包括Select、Insert、Update、Delete、Create、Drop、Grant、References、Index和Alter。
  * Column_priv字段表示对表中的列的操作权限，包括Select、Insert、Update和References。

```sql
+-----------+-------+---------------+------------+----------------------+---------------------+------------+-------------+
| Host      | Db    | User          | Table_name | Grantor              | Timestamp           | Table_priv | Column_priv |
+-----------+-------+---------------+------------+----------------------+---------------------+------------+-------------+
| localhost | mysql | mysql.session | user       | boot@connecting host | 0000-00-00 00:00:00 | Select     |             |
| localhost | sys   | mysql.sys     | sys_config | root@localhost       | 2023-04-27 10:17:10 | Select     |             |
+-----------+-------+---------------+------------+----------------------+---------------------+------------+-------------+

```

### 3.3.4 procs_priv表

* procs_priv表可以对存储过程和存储函数设置操作权限

```sql
mysql> desc mysql.procs_priv;
+--------------+----------------------------------------+------+-----+-------------------+-----------------------------+
| Field        | Type                                   | Null | Key | Default           | Extra                       |
+--------------+----------------------------------------+------+-----+-------------------+-----------------------------+
| Host         | char(60)                               | NO   | PRI |                   |                             |
| Db           | char(64)                               | NO   | PRI |                   |                             |
| User         | char(32)                               | NO   | PRI |                   |                             |
| Routine_name | char(64)                               | NO   | PRI |                   |                             |
| Routine_type | enum('FUNCTION','PROCEDURE')           | NO   | PRI | NULL              |                             |
| Grantor      | char(93)                               | NO   | MUL |                   |                             |
| Proc_priv    | set('Execute','Alter Routine','Grant') | NO   |     |                   |                             |
| Timestamp    | timestamp                              | NO   |     | CURRENT_TIMESTAMP | on update CURRENT_TIMESTAMP |
+--------------+----------------------------------------+------+-----+-------------------+-----------------------------+

```

## 3.4 访问控制

### 3.4.1连接核实阶段

* 客户端用户会在连接请求中提供用户名、主机地址、用户密码，MySQL服务器接收到用户请求后，会使用user表中的host、user和authentication_string这3个字段匹配客户端提供信息。
* 如果连接核实没有通过，服务器就完全拒绝访问；否则，服务器接受连接，然后进入阶段2等待用户请求。

### 3.4.2 请求核实阶段

* 对此连接上进来的每个请求，服务器检查该请求要执行什么操作、是否有足够的权限来执行它，需要授权表中的权限列发挥作用的地方。这些权限可以来自user、db、table_priv和column_priv表。

* 确认权限时，MySQL首先检查user表->检查db表->检查Tables_priv表以columns_priv表，如果所有权限表都检查完毕，但还是没有找到允许的权限操作，MySQL将返回错误信息。如果找到对应权限，则在查到的流程返回，执行对应的操作了。

## 3.5 角色管理（mysql8.0才有）

### 3.5.1 角色的理解

* mysql8.0引入角色的目的是方便管理拥有相同权限的用户。恰当的权限设定，可以确保数据的安全性，这是至关重要的。

### 3.5.2 创建角色

* 语法，结构与创建用户类似。
* 创建好后的角色存储在mysql.user表

```sql
CREATE ROLE 'role_name'[@'host_name'] [,'role_name'[@'host_name']]...

#举例
CREATE ROLE 'manager'@'localhost';
CREATE ROLE  test_role_user;
```

### 3.5.3 给角色赋予权限

* 语法，像授权用户权限一样

```sql
#privileges代表权限的名称，多个权限以逗号隔开
GRANT privileges ON table_name TO 'role_name'[@'host_name'];

#举例
GRANT ALL PRIVILEGES ON *.* TO test_role_user;
```

### 3.5.4 查看角色的权限

* 语法，像查看用户权限一样

```sql
SHOW GRANTS FOR role_name'[@'host_name'];
#举例
SHOW GRANTS FOR 'manager';
```

### 3.5.5 回收角色的权限角

* 语法，像回收用户权限一样

```sql
REVOKE privileges ON tablename FROM 'rolename';

#举例
REVOKE INSERT, UPDATE, DELETE ON school.* FROM 'school_write';
```

### 3.5.6 删除角色

* 格式：

```sql
DROP ROLE role [,role2]...
#举例
DROP ROLE 'school_read';
```

### 3.5.7 给用户赋予角色

* 角色创建并授权后，要赋给用户并处于激活状态才能发挥作用。
* 如果角色没有激活，对应的权限无法查看到。

* 语法：
* 如果授权时报Access denied; you need (at least one of) the SYSTEM_USER privilege(s) for this operation错误，表示没有权限执行，给root用户授权system_user角色即可。

```sql
GRANT role [,role2,...] TO user [,user2,...];

#举例
mysql> GRANT  test_role_user TO zhangsan;
ERROR 1227 (42000): Access denied; you need (at least one of) the SYSTEM_USER privilege(s) for this operation
mysql> grant system_user on *.* to 'root';
Query OK, 0 rows affected (0.00 sec)
mysql>GRANT  test_role_user TO 'zhangsan';
Query OK, 0 rows affected (0.00 sec)

```

* 查询当前角色

```sql
SELECT CURRENT_ROLE();
```

### 3.5.8 激活角色

* 单激活角色格式：

```sql
SET DEFAULT role 'role_name'  TO 'user';
#举例,先用zhangsan登录到mysql，然后在zhangsan账号下激活
SET DEFAULT role test_role_user  TO zhangsan;
```

* 全局方式1：使用set default role 命令激活角色
  * 语法：

```sql
SET DEFAULT ROLE ALL TO role [,role2]...
```

* 全局方式2：将activate_all_roles_on_login设置为ON

```sql
SET GLOBAL activate_all_roles_on_login=ON;
```

### 3.5.9 撤销用户的角色

* 语法：

```sql
REVOKE role FROM user;

#举例
REVOKE 'test_role_user' FROM 'zhangsan'@'%';
```

### 3.5.10 设置强制角色(mandatory role)

* 强制角色时给每个创建账户的默认角色，不需要手动设置。强制角色无法被REVOKE或DROP。

* 方式1：服务启动前设置

```
[mysqld]
mandatory_roles='role1,role2@localhost,r3@%.atguigu.com'
```

* 方式2：运行时设置

```
SET PERSIST mandatory_roles = 'role1,role2@localhost,r3@%.example.com'; #系统重启后仍然有效
SET GLOBAL mandatory_roles = 'role1,role2@localhost,r3@%.example.com'; #系统重启后失效
```

### 3.5.11小节

* MYSQL主要管理角色的语句如下：

| 语句                                                 | 作用                                       |
| ---------------------------------------------------- | ------------------------------------------ |
| CREATE ROLE and DROP ROLE                            | 创建和删除角色                             |
| GRANT and REVOKE                                     | 给角色或账户分配权限                       |
| SHOW GRANTS                                          | 显示账户/角色所拥有的权限或角色            |
| SET DEFAULT ROLE                                     | 设置账户默认使用什么角色                   |
| SET ROLE                                             | 改变当前会话的角色                         |
| CURRENT_ROLE函数                                     | 显示当前会话的角色                         |
| mandatory_roles和activate_all_roles_on_login系统变量 | 允许定义用户登陆时强制的或者激活授权的角色 |

## 3.6 配置文件的使用

### 3.6.1 配置文件格式

* 与在命令行中指定启动选项不同的时，配置文件中的启动选项被划分为若干组，每个组有一个组名，用中括号[]括起来。

```
[server]
(具体的启动选项...)

[mysqld]
(具体的启动选项...)

[mysqld_safa]
(具体的启动选项...)

[client]
(具体的启动选项...)

[mysql]
(具体的启动选项...)

[mysqladmin]
(具体的启动选项...)
```

* 每个分组的格式类型

```
[server]
option1         #这是option1，该选项不需要值，表示true和false的。
option2=value2  #这是option1，该选项需要值，
```

* 配置文件中指定启动选项的语法类似命令行语法。但是配置文件中指定的启动选项不允许加--前缀，并且每一行只指定一个选项，而且=周围可以有空白符（命令行中不允许键值对出现之间出现空白符）。配置文件中用#添加注释。

### 3.6.2 启动命令与选项组

* 配置文件中的不同选项分组时给不同的启动命令使用的。下面两个例外
  * [server]的启动选项作用于所有的服务器程序。
  * [client]的启动选项作用域所有的客户端程序。

| 启动命令     | 类别       | 能读取的组                        |
| ------------ | ---------- | --------------------------------- |
| mysqld       | 启动服务器 | [mysqld]、[server]                |
| mysqld_safa  | 启动服务器 | [mysqld]、[server]、[mysqld_safa] |
| mysql.server | 启动服务器 | [mysqld]、[server]、[server]      |
| mysql        | 启动客户端 | [mysqld]、[client]                |
| mysqladmin   | 启动客户端 | [mysqladmin]、[client]            |
| mysqldump    | 启动客户端 | [mysqldump]、[client]             |

### 3.6.3特定MySQ版本的专用选项组

* 可以在选项组的名称后加上特定的版本好，比如[mysqld]，可以定义[mysqld-5.7]，与[mysqld]功能一样，只有版本号5.7的mysqld程序才能使用这个选项组的选项。

### 3.6.4同一个配置文件多个组的优先级

* 放在后面的会替换前面的，以最后有效组的值为准。

### 3.6.5 命令行和配置文件中启动选项的区别

* 如果启动选项出现在命令行中，那么以命令行中的选项为准。

## 3.7 系统变量

见基础篇15章

